
> dnd-web-app@0.0.1 build
> astro build

16:32:50 [content] Syncing content
16:32:50 [content] Synced content
16:32:50 [types] Generated 2.27s
16:32:50 [build] output: "static"
16:32:50 [build] mode: "static"
16:32:50 [build] directory: /mnt/c/Users/javie/Documents/YotuxerDEV/DnD_Web/dist/
16:32:50 [build] Collecting build info...
16:32:50 [build] ✓ Completed in 2.64s.
16:32:50 [build] Building static entrypoints...
16:32:53 [vite] ✓ built in 3.52s
16:32:53 [build] ✓ Completed in 3.56s.

 building client (vite) 
16:32:53 [vite] transforming...
16:32:55 [vite] ✓ 80 modules transformed.
16:32:55 [vite] rendering chunks...
16:32:55 [vite] computing gzip size...
16:32:55 [vite] dist/_astro/jsx-runtime.ClP7wGfN.js          1.00 kB │ gzip:  0.62 kB
16:32:55 [vite] dist/_astro/CampaignHub.B3yLyKMM.js          1.80 kB │ gzip:  0.84 kB
16:32:55 [vite] dist/_astro/MapaInteractiva.HVOV8PFK.js      2.21 kB │ gzip:  0.98 kB
16:32:55 [vite] dist/_astro/PersonajeHojaPage.C2SnW0Uq.js    4.79 kB │ gzip:  2.03 kB
16:32:55 [vite] dist/_astro/CampaignsManager.DH69D_WZ.js     4.98 kB │ gzip:  1.73 kB
16:32:55 [vite] dist/_astro/index.DK-fsZOb.js                6.81 kB │ gzip:  2.73 kB
16:32:55 [vite] dist/_astro/LoreManager.C2HkHMaU.js          7.94 kB │ gzip:  2.43 kB
16:32:55 [vite] dist/_astro/PersonajesManager.hIVnjQ2w.js   12.03 kB │ gzip:  4.03 kB
16:32:55 [vite] dist/_astro/FichaPersonaje.DDuxsa1S.js      36.96 kB │ gzip:  8.51 kB
16:32:55 [vite] dist/_astro/client.Bz692-Ao.js             136.51 kB │ gzip: 44.01 kB
16:32:55 [vite] dist/_astro/supabase.C-knh_tk.js           204.82 kB │ gzip: 53.47 kB
16:32:55 [vite] ✓ built in 1.58s

 generating static routes 
16:32:55 ▶ src/pages/campana/index.astro
16:32:55   └─ /campana/index.html (+51ms) 
16:32:56 ▶ src/pages/campanas/index.astro
16:32:56   └─ /campanas/index.html (+5ms) 
16:32:56 ▶ src/pages/lore/[slug].astro
16:32:56   └─ /lore/valle-bruma/index.html (+7ms) 
16:32:56 ▶ src/pages/lore/index.astro
16:32:56   └─ /lore/index.html (+5ms) 
16:32:56 ▶ src/pages/personajes/hoja.astro
16:32:56   └─ /personajes/hoja/index.html (+7ms) 
16:32:56 ▶ src/pages/personajes/index.astro
16:32:56   └─ /personajes/index.html (+5ms) 
16:32:56 ▶ src/pages/index.astro
16:32:56   └─ /index.html (+7ms) 
16:32:56 ✓ Completed in 863ms.

16:32:56 [build] 7 page(s) built in 8.82s
16:32:56 [build] Complete!
